{
  "events": [
    {
      "hazard_version": 1,
      "mapping_applied": false,
      "reason": "VALIDATED_FORECAST_ADMITTED",
      "request_generation": 1,
      "status": "ACCEPTED_UPDATE"
    },
    {
      "request_generation": 2,
      "result": {
        "arrival": 4.0,
        "certificate_conditions": [
          "supplied ensemble only",
          "declared lattice and geometry",
          "complete search before caps",
          "independent route check",
          "no physical safety claim"
        ],
        "checker": {
          "arrival": 4.0,
          "codes": [],
          "ok": true,
          "per_member": {
            "m0": {
              "dose": 4.0,
              "dose_exact": "4",
              "peak": 1.0
            },
            "m1": {
              "dose": 8.0,
              "dose_exact": "8",
              "peak": 2.0
            }
          },
          "status": "CHECKED_ROUTE"
        },
        "destination": "D",
        "guidance_version_label": "CURRENT_ACCEPTED_VERSION",
        "hazard_version": 1,
        "legs": [
          {
            "edge": "OA",
            "end": 2.0,
            "from_fraction": 0,
            "kind": "EDGE",
            "start": 0.0,
            "to_fraction": 1
          },
          {
            "edge": "AD",
            "end": 4.0,
            "from_fraction": 0,
            "kind": "EDGE",
            "start": 2.0,
            "to_fraction": 1
          }
        ],
        "metrics": {
          "dominated": 0,
          "edge_candidates": 10,
          "expansions": 5,
          "labels": 13,
          "occupancy_evaluations": 14,
          "peak_frontier": 1,
          "wait_candidates": 2
        },
        "per_member": {
          "m0": {
            "dose": 4.0,
            "dose_exact": "4",
            "peak": 1.0
          },
          "m1": {
            "dose": 8.0,
            "dose_exact": "8",
            "peak": 2.0
          }
        },
        "provenance": {
          "evidence_class": "LABELLED_FIXTURE",
          "model": "EXACT_LATTICE_EDGEGRID",
          "physical_safety_claim": false,
          "solver": "baseline"
        },
        "reason": "EXACT_SEARCH_CHECKED",
        "request": {
          "as_of": "2026-10-04T00:00:00+08:00",
          "budgets": {
            "dose": {
              "m0": 25.0,
              "m1": 25.0
            },
            "peak": 10.0
          },
          "departure": 0.0,
          "destinations": [
            {
              "dwell": 2.0,
              "node": "D",
              "open_intervals": [
                [
                  0.0,
                  30.0
                ]
              ]
            }
          ],
          "exposure_scope": "route_only",
          "hazard_version": 1,
          "horizon": 20.0,
          "incoming_edge": null,
          "incurred": {
            "m0": 0.0,
            "m1": 0.0
          },
          "limits": {
            "frontier_width": 4096,
            "max_expansions": 100000,
            "max_labels": 100000,
            "wall_s": 5.0
          },
          "objective": "earliest_arrival",
          "position": {
            "node": "O"
          },
          "solver": "baseline"
        },
        "request_generation": 2,
        "solver_status": "EXACT_OPTIMUM",
        "status": "CONDITIONAL_OPTIMUM",
        "update_status": {
          "hazard_version": 1,
          "mapping_applied": false,
          "reason": "VALIDATED_FORECAST_ADMITTED",
          "request_generation": 1,
          "status": "ACCEPTED_UPDATE"
        }
      },
      "status": "PLAN_COMMITTED"
    }
  ],
  "evidence_class": "LABELLED_FIXTURE",
  "interpretation": "Declared fixture routing check; no physical road tenability validation",
  "result": {
    "arrival": 4.0,
    "certificate_conditions": [
      "supplied ensemble only",
      "declared lattice and geometry",
      "complete search before caps",
      "independent route check",
      "no physical safety claim"
    ],
    "checker": {
      "arrival": 4.0,
      "codes": [],
      "ok": true,
      "per_member": {
        "m0": {
          "dose": 4.0,
          "dose_exact": "4",
          "peak": 1.0
        },
        "m1": {
          "dose": 8.0,
          "dose_exact": "8",
          "peak": 2.0
        }
      },
      "status": "CHECKED_ROUTE"
    },
    "destination": "D",
    "guidance_version_label": "CURRENT_ACCEPTED_VERSION",
    "hazard_version": 1,
    "legs": [
      {
        "edge": "OA",
        "end": 2.0,
        "from_fraction": 0,
        "kind": "EDGE",
        "start": 0.0,
        "to_fraction": 1
      },
      {
        "edge": "AD",
        "end": 4.0,
        "from_fraction": 0,
        "kind": "EDGE",
        "start": 2.0,
        "to_fraction": 1
      }
    ],
    "metrics": {
      "dominated": 0,
      "edge_candidates": 10,
      "expansions": 5,
      "labels": 13,
      "occupancy_evaluations": 14,
      "peak_frontier": 1,
      "wait_candidates": 2
    },
    "per_member": {
      "m0": {
        "dose": 4.0,
        "dose_exact": "4",
        "peak": 1.0
      },
      "m1": {
        "dose": 8.0,
        "dose_exact": "8",
        "peak": 2.0
      }
    },
    "provenance": {
      "evidence_class": "LABELLED_FIXTURE",
      "model": "EXACT_LATTICE_EDGEGRID",
      "physical_safety_claim": false,
      "solver": "baseline"
    },
    "reason": "EXACT_SEARCH_CHECKED",
    "request": {
      "as_of": "2026-10-04T00:00:00+08:00",
      "budgets": {
        "dose": {
          "m0": 25.0,
          "m1": 25.0
        },
        "peak": 10.0
      },
      "departure": 0.0,
      "destinations": [
        {
          "dwell": 2.0,
          "node": "D",
          "open_intervals": [
            [
              0.0,
              30.0
            ]
          ]
        }
      ],
      "exposure_scope": "route_only",
      "hazard_version": 1,
      "horizon": 20.0,
      "incoming_edge": null,
      "incurred": {
        "m0": 0.0,
        "m1": 0.0
      },
      "limits": {
        "frontier_width": 4096,
        "max_expansions": 100000,
        "max_labels": 100000,
        "wall_s": 5.0
      },
      "objective": "earliest_arrival",
      "position": {
        "node": "O"
      },
      "solver": "baseline"
    },
    "request_generation": 2,
    "solver_status": "EXACT_OPTIMUM",
    "status": "CONDITIONAL_OPTIMUM",
    "update_status": {
      "hazard_version": 1,
      "mapping_applied": false,
      "reason": "VALIDATED_FORECAST_ADMITTED",
      "request_generation": 1,
      "status": "ACCEPTED_UPDATE"
    }
  },
  "status": "CONDITIONAL_OPTIMUM",
  "timing": "Wall duration and process RSS excluded from deterministic replay; resource completion still runtime dependent"
}
